F:\大三下\系统分析与设计\项目\码上点\eorder\src\main\java\com\eorder\form\OrderForm.java
F:\大三下\系统分析与设计\项目\码上点\eorder\src\main\java\com\eorder\repository\ProductInfoRepository.java
F:\大三下\系统分析与设计\项目\码上点\eorder\src\main\java\com\eorder\enums\ProductStatusEnum.java
F:\大三下\系统分析与设计\项目\码上点\eorder\src\main\java\com\eorder\dataobject\ProductInfo.java
F:\大三下\系统分析与设计\项目\码上点\eorder\src\main\java\com\eorder\dto\CartDTO.java
F:\大三下\系统分析与设计\项目\码上点\eorder\src\main\java\com\eorder\form\ProductForm.java
F:\大三下\系统分析与设计\项目\码上点\eorder\src\main\java\com\eorder\controller\WebSocketConfig.java
F:\大三下\系统分析与设计\项目\码上点\eorder\src\main\java\com\eorder\service\CategoryService.java
F:\大三下\系统分析与设计\项目\码上点\eorder\src\main\java\com\eorder\VO\ResultVO.java
F:\大三下\系统分析与设计\项目\码上点\eorder\src\main\java\com\eorder\repository\ProductCategoryRepository.java
F:\大三下\系统分析与设计\项目\码上点\eorder\src\main\java\com\eorder\form\SellerForm.java
F:\大三下\系统分析与设计\项目\码上点\eorder\src\main\java\com\eorder\service\WebSocket.java
F:\大三下\系统分析与设计\项目\码上点\eorder\src\main\java\com\eorder\VO\ProductVO.java
F:\大三下\系统分析与设计\项目\码上点\eorder\src\main\java\com\eorder\controller\SellerProductController.java
F:\大三下\系统分析与设计\项目\码上点\eorder\src\main\java\com\eorder\converter\OrderDTO2OrderDetailConverter.java
F:\大三下\系统分析与设计\项目\码上点\eorder\src\main\java\com\eorder\converter\OrderForm2OrderDTOConverter.java
F:\大三下\系统分析与设计\项目\码上点\eorder\src\main\java\com\eorder\enums\OrderStatusEnum.java
F:\大三下\系统分析与设计\项目\码上点\eorder\src\main\java\com\eorder\utils\CookieUtil.java
F:\大三下\系统分析与设计\项目\码上点\eorder\src\main\java\com\eorder\service\impl\ProductServiceImpl.java
F:\大三下\系统分析与设计\项目\码上点\eorder\src\main\java\com\eorder\aspect\SellerAuthorizeAspect.java
F:\大三下\系统分析与设计\项目\码上点\eorder\src\main\java\com\eorder\utils\serializer\Date2LongSerializer.java
F:\大三下\系统分析与设计\项目\码上点\eorder\src\main\java\com\eorder\repository\SellerInfoRepository.java
F:\大三下\系统分析与设计\项目\码上点\eorder\src\main\java\com\eorder\dto\OrderDetailDTO.java
F:\大三下\系统分析与设计\项目\码上点\eorder\src\main\java\com\eorder\utils\KeyUtil.java
F:\大三下\系统分析与设计\项目\码上点\eorder\src\main\java\com\eorder\controller\SellerOrderController.java
F:\大三下\系统分析与设计\项目\码上点\eorder\src\main\java\com\eorder\enums\PayStatusEnum.java
F:\大三下\系统分析与设计\项目\码上点\eorder\src\main\java\com\eorder\dto\SellerDTO.java
F:\大三下\系统分析与设计\项目\码上点\eorder\src\main\java\com\eorder\controller\BuyerProductController.java
F:\大三下\系统分析与设计\项目\码上点\eorder\src\main\java\com\eorder\dto\OrderDTO.java
F:\大三下\系统分析与设计\项目\码上点\eorder\src\main\java\com\eorder\controller\SellerCategoryController.java
F:\大三下\系统分析与设计\项目\码上点\eorder\src\main\java\com\eorder\repository\OrderMasterRepository.java
F:\大三下\系统分析与设计\项目\码上点\eorder\src\main\java\com\eorder\VO\ResultVO2.java
F:\大三下\系统分析与设计\项目\码上点\eorder\src\main\java\com\eorder\converter\OrderMaster2OrderDTOConverter.java
F:\大三下\系统分析与设计\项目\码上点\eorder\src\main\java\com\eorder\service\SellerService.java
F:\大三下\系统分析与设计\项目\码上点\eorder\src\main\java\com\eorder\handler\SellerExceptionHandler.java
F:\大三下\系统分析与设计\项目\码上点\eorder\src\main\java\com\eorder\utils\SellerIdUtil.java
F:\大三下\系统分析与设计\项目\码上点\eorder\src\main\java\com\eorder\controller\SellerUserController.java
F:\大三下\系统分析与设计\项目\码上点\eorder\src\main\java\com\eorder\dataobject\OrderMaster.java
F:\大三下\系统分析与设计\项目\码上点\eorder\src\main\java\com\eorder\service\impl\SellerServiceImpl.java
F:\大三下\系统分析与设计\项目\码上点\eorder\src\main\java\com\eorder\exception\SellerException.java
F:\大三下\系统分析与设计\项目\码上点\eorder\src\main\java\com\eorder\service\BuyerService.java
F:\大三下\系统分析与设计\项目\码上点\eorder\src\main\java\com\eorder\repository\OrderDetailRepository.java
F:\大三下\系统分析与设计\项目\码上点\eorder\src\main\java\com\eorder\dataobject\OrderDetail.java
F:\大三下\系统分析与设计\项目\码上点\eorder\src\main\java\com\eorder\dataobject\ProductCategory.java
F:\大三下\系统分析与设计\项目\码上点\eorder\src\main\java\com\eorder\dataobject\SellerInfo.java
F:\大三下\系统分析与设计\项目\码上点\eorder\src\main\java\com\eorder\service\ProductService.java
F:\大三下\系统分析与设计\项目\码上点\eorder\src\main\java\com\eorder\WebMvcConfig.java
F:\大三下\系统分析与设计\项目\码上点\eorder\src\main\java\com\eorder\enums\ResultEnum.java
F:\大三下\系统分析与设计\项目\码上点\eorder\src\main\java\com\eorder\controller\WeixinController.java
F:\大三下\系统分析与设计\项目\码上点\eorder\src\main\java\com\eorder\service\impl\CategoryServiceImpl.java
F:\大三下\系统分析与设计\项目\码上点\eorder\src\main\java\com\eorder\controller\BuyerOrderController.java
F:\大三下\系统分析与设计\项目\码上点\eorder\src\main\java\com\eorder\controller\SellerInfoController.java
F:\大三下\系统分析与设计\项目\码上点\eorder\src\main\java\com\eorder\service\impl\OrderServiceImpl.java
F:\大三下\系统分析与设计\项目\码上点\eorder\src\main\java\com\eorder\utils\ResultVO2Util.java
F:\大三下\系统分析与设计\项目\码上点\eorder\src\main\java\com\eorder\service\impl\BuyerServiceImpl.java
F:\大三下\系统分析与设计\项目\码上点\eorder\src\main\java\com\eorder\utils\ResultVOUtil.java
F:\大三下\系统分析与设计\项目\码上点\eorder\src\main\java\com\eorder\service\OrderService.java
F:\大三下\系统分析与设计\项目\码上点\eorder\src\main\java\com\eorder\form\CategoryForm.java
F:\大三下\系统分析与设计\项目\码上点\eorder\src\main\java\com\eorder\exception\SellException.java
F:\大三下\系统分析与设计\项目\码上点\eorder\src\main\java\com\eorder\EorderApplication.java
F:\大三下\系统分析与设计\项目\码上点\eorder\src\main\java\com\eorder\VO\OrderDetailVO.java
F:\大三下\系统分析与设计\项目\码上点\eorder\src\main\java\com\eorder\VO\ProductInfoVO.java
