com\eorder\controller\BuyerOrderController.class
com\eorder\enums\ProductStatusEnum.class
com\eorder\service\OrderService.class
com\eorder\service\impl\SellerServiceImpl.class
com\eorder\exception\SellException.class
com\eorder\form\CategoryForm.class
com\eorder\service\impl\ProductServiceImpl.class
com\eorder\controller\SellerOrderController.class
com\eorder\controller\SellerCategoryController.class
com\eorder\repository\SellerInfoRepository.class
com\eorder\service\impl\BuyerServiceImpl.class
com\eorder\service\impl\OrderServiceImpl.class
com\eorder\repository\OrderDetailRepository.class
com\eorder\controller\SellerProductController.class
com\eorder\controller\WebSocketConfig.class
com\eorder\dto\OrderDetailDTO.class
com\eorder\dto\OrderDTO.class
com\eorder\exception\SellerException.class
com\eorder\controller\SellerUserController.class
com\eorder\service\impl\CategoryServiceImpl.class
com\eorder\dataobject\ProductInfo.class
com\eorder\form\SellerForm.class
com\eorder\utils\ResultVOUtil.class
com\eorder\converter\OrderForm2OrderDTOConverter$1.class
com\eorder\converter\OrderMaster2OrderDTOConverter.class
com\eorder\repository\OrderMasterRepository.class
com\eorder\utils\serializer\Date2LongSerializer.class
com\eorder\converter\OrderDTO2OrderDetailConverter.class
com\eorder\repository\ProductCategoryRepository.class
com\eorder\dto\SellerDTO.class
com\eorder\enums\PayStatusEnum.class
com\eorder\dataobject\OrderDetail.class
com\eorder\service\ProductService.class
com\eorder\WebMvcConfig.class
com\eorder\dto\CartDTO.class
com\eorder\EorderApplication.class
com\eorder\VO\ProductVO.class
com\eorder\utils\KeyUtil.class
com\eorder\utils\SellerIdUtil.class
com\eorder\converter\OrderForm2OrderDTOConverter.class
com\eorder\utils\CookieUtil.class
com\eorder\form\OrderForm.class
com\eorder\controller\BuyerProductController.class
com\eorder\VO\OrderDetailVO.class
com\eorder\dataobject\OrderMaster.class
com\eorder\controller\SellerInfoController.class
com\eorder\dataobject\SellerInfo.class
com\eorder\controller\WeixinController.class
com\eorder\VO\ResultVO2.class
com\eorder\aspect\SellerAuthorizeAspect.class
com\eorder\service\SellerService.class
com\eorder\service\CategoryService.class
com\eorder\form\ProductForm.class
com\eorder\VO\ResultVO.class
com\eorder\enums\OrderStatusEnum.class
com\eorder\service\BuyerService.class
com\eorder\dataobject\ProductCategory.class
com\eorder\VO\ProductInfoVO.class
com\eorder\repository\ProductInfoRepository.class
com\eorder\service\WebSocket.class
com\eorder\utils\ResultVO2Util.class
com\eorder\enums\ResultEnum.class
com\eorder\handler\SellerExceptionHandler.class
